timestamp | id | status | lr1 | lr2 | seg
2025-05-20 19:25:18 5608724 0 0.0 0.002 0
2025-05-20 19:40:58 5609268 0 0.002 0.0 1
2025-05-20 19:41:00 5609271 0 0.002 0.0015 1
2025-05-20 19:41:01 5609273 0 0.002 0.0016666666666666668 1
2025-05-20 19:41:01 5609272 0 0.002 0.0016 1
2025-05-20 19:41:04 5609269 0 0.002 0.001 1
2025-05-20 19:41:04 5609270 0 0.002 0.0013333333333333333 1
2025-05-20 19:54:44 5609274 0 0.002 0.0017142857142857142 1
2025-05-20 19:54:47 5609275 0 0.002 0.00175 1
2025-05-20 19:56:47 5609279 0 0.002 0.0025 1
2025-05-20 19:56:58 5609277 0 0.002 0.0018000000000000002 1
2025-05-20 19:57:00 5609276 0 0.002 0.0017777777777777776 1
2025-05-20 19:57:41 5609278 0 0.002 0.002 1
2025-05-20 20:09:13 5609280 0 0.002 0.003 1
2025-05-20 20:09:15 5609281 0 0.002 0.004 1
2025-05-20 20:24:40 5609606 0 0.003 0.0022500000000000003 2
2025-05-20 20:24:57 5609605 0 0.003 0.002 2
2025-05-20 20:25:04 5609603 0 0.003 0.0 2
2025-05-20 20:25:06 5609604 0 0.003 0.0015 2
2025-05-20 20:25:19 5609608 0 0.003 0.0025 2
2025-05-20 20:25:28 5609607 0 0.003 0.0024000000000000002 2
2025-05-20 20:39:39 5609611 0 0.003 0.0026666666666666666 2
2025-05-20 20:39:40 5609610 0 0.003 0.002625 2
2025-05-20 20:39:44 5609612 0 0.003 0.0027 2
2025-05-20 20:40:06 5609614 0 0.003 0.00375 2
2025-05-20 20:40:36 5609613 0 0.003 0.003 2
2025-05-20 20:41:35 5609609 0 0.003 0.0025714285714285713 2
2025-05-20 20:54:14 5609616 0 0.003 0.006 2
2025-05-20 20:54:18 5609615 0 0.003 0.0045000000000000005 2
2025-05-20 21:10:23 5610054 0 0.00375 0.0024999999999999996 3
2025-05-20 21:10:23 5610057 0 0.00375 0.003125 3
2025-05-20 21:10:26 5610052 0 0.00375 0.0 3
2025-05-20 21:10:28 5610055 0 0.00375 0.0028125 3
2025-05-20 21:10:29 5610053 0 0.00375 0.001875 3
2025-05-20 21:10:58 5610056 0 0.00375 0.003 3
2025-05-20 21:24:17 5610058 0 0.00375 0.003214285714285714 3
2025-05-20 21:24:19 5610059 0 0.00375 0.00328125 3
2025-05-20 21:24:24 5610061 0 0.00375 0.003375 3
2025-05-20 21:24:40 5610060 0 0.00375 0.003333333333333333 3
2025-05-20 21:24:56 5610062 0 0.00375 0.00375 3
2025-05-20 21:25:01 5610063 0 0.00375 0.0046875 3
2025-05-20 21:39:08 5610065 0 0.00375 0.0075 3
2025-05-20 21:39:16 5610064 0 0.00375 0.005625 3
2025-05-20 21:52:38 5610344 0 0.00375 0.003 4
2025-05-20 21:52:50 5610345 0 0.00375 0.003125 4
2025-05-20 21:52:50 5610342 0 0.00375 0.0024999999999999996 4
2025-05-20 21:52:55 5610343 0 0.00375 0.0028125 4
2025-05-20 21:53:00 5610341 0 0.00375 0.001875 4
2025-05-20 21:54:51 5610340 0 0.00375 0.0 4
2025-05-20 22:05:11 5610346 0 0.00375 0.003214285714285714 4
2025-05-20 22:05:22 5610347 0 0.00375 0.00328125 4
2025-05-20 22:06:34 5610350 0 0.00375 0.003375 4
2025-05-20 22:06:34 5610348 0 0.00375 0.003333333333333333 4
2025-05-20 22:07:44 5610351 0 0.00375 0.00375 4
2025-05-20 22:09:31 5610352 0 0.00375 0.0046875 4
2025-05-20 22:18:59 5610354 0 0.00375 0.0075 4
2025-05-20 22:19:19 5610353 0 0.00375 0.005625 4
2025-05-20 22:32:30 5612003 0 0.0046875 0.00234375 5
2025-05-20 22:32:41 5612004 0 0.0046875 0.0031249999999999997 5
2025-05-20 22:33:18 5612005 0 0.0046875 0.0035156249999999997 5
2025-05-20 22:34:39 5612002 0 0.0046875 0.0 5
2025-05-20 22:34:46 5612007 0 0.0046875 0.00390625 5
2025-05-20 22:34:46 5612006 0 0.0046875 0.00375 5
2025-05-20 22:44:59 5612008 0 0.0046875 0.0040178571428571425 5
2025-05-20 22:47:07 5612010 0 0.0046875 0.004166666666666667 5
2025-05-20 22:47:10 5612009 0 0.0046875 0.0041015625 5
2025-05-20 22:48:40 5612013 0 0.0046875 0.005859375 5
2025-05-20 22:48:51 5612011 0 0.0046875 0.00421875 5
2025-05-20 22:48:52 5612012 0 0.0046875 0.0046875 5
2025-05-20 22:57:47 5612014 0 0.0046875 0.007031249999999999 5
2025-05-20 23:00:15 5612015 0 0.0046875 0.009375 5
2025-05-20 23:14:23 5612690 0 0.0046875 0.00375 6
2025-05-20 23:14:35 5612691 0 0.0046875 0.00390625 6
2025-05-20 23:14:52 5612687 0 0.0046875 0.00234375 6
2025-05-20 23:14:53 5612689 0 0.0046875 0.0035156249999999997 6
2025-05-20 23:14:59 5612686 0 0.0046875 0.0 6
2025-05-20 23:15:01 5612688 0 0.0046875 0.0031249999999999997 6
2025-05-20 23:28:34 5612693 0 0.0046875 0.0041015625 6
2025-05-20 23:28:38 5612692 0 0.0046875 0.0040178571428571425 6
2025-05-20 23:28:39 5612697 0 0.0046875 0.005859375 6
2025-05-20 23:28:39 5612694 0 0.0046875 0.004166666666666667 6
2025-05-20 23:28:43 5612695 0 0.0046875 0.00421875 6
2025-05-20 23:29:09 5612696 0 0.0046875 0.0046875 6
2025-05-20 23:41:20 5612698 0 0.0046875 0.007031249999999999 6
2025-05-20 23:41:21 5612699 0 0.0046875 0.009375 6
2025-05-20 23:54:12 5612993 0 0.00421875 0.0031640625 7
2025-05-20 23:54:25 5612990 0 0.00421875 0.0 7
2025-05-20 23:54:25 5612991 0 0.00421875 0.002109375 7
2025-05-20 23:55:05 5612995 0 0.00421875 0.0035156250000000005 7
2025-05-20 23:55:12 5612992 0 0.00421875 0.0028125 7
2025-05-20 23:55:47 5612994 0 0.00421875 0.0033750000000000004 7
2025-05-21 00:06:58 5612997 0 0.00421875 0.0036914062500000002 7
2025-05-21 00:07:03 5612998 0 0.00421875 0.00375 7
2025-05-21 00:08:10 5612999 0 0.00421875 0.0037968750000000003 7
2025-05-21 00:08:27 5613000 0 0.00421875 0.00421875 7
2025-05-21 00:08:28 5613001 0 0.00421875 0.0052734375 7
2025-05-21 00:08:59 5612996 0 0.00421875 0.0036160714285714286 7
2025-05-21 00:19:27 5613002 0 0.00421875 0.006328125 7
2025-05-21 00:19:27 5613003 0 0.00421875 0.0084375 7
2025-05-21 00:31:44 5613180 0 0.00421875 0.0031640625 8
2025-05-21 00:31:46 5613179 0 0.00421875 0.0028125 8
2025-05-21 00:31:56 5613177 0 0.00421875 0.0 8
2025-05-21 00:32:04 5613178 0 0.00421875 0.002109375 8
2025-05-21 00:44:22 5613184 0 0.00421875 0.0036914062500000002 8
2025-05-21 00:44:30 5613181 0 0.00421875 0.0033750000000000004 8
2025-05-21 00:44:40 5613182 0 0.00421875 0.0035156250000000005 8
2025-05-21 00:44:41 5613183 0 0.00421875 0.0036160714285714286 8
2025-05-21 00:57:45 5613187 0 0.00421875 0.00421875 8
2025-05-21 00:57:54 5613186 0 0.00421875 0.0037968750000000003 8
2025-05-21 00:57:56 5613188 0 0.00421875 0.0052734375 8
2025-05-21 00:58:00 5613185 0 0.00421875 0.00375 8
2025-05-21 01:10:53 5613189 0 0.00421875 0.006328125 8
2025-05-21 01:10:57 5613190 0 0.00421875 0.0084375 8
2025-05-21 01:25:10 5613552 0 0.00421875 0.0031640625 9
2025-05-21 01:25:18 5613550 0 0.00421875 0.002109375 9
2025-05-21 01:25:35 5613551 0 0.00421875 0.0028125 9
2025-05-21 01:25:42 5613549 0 0.00421875 0.0 9
2025-05-21 01:38:26 5613556 0 0.00421875 0.0036914062500000002 9
2025-05-21 01:38:30 5613555 0 0.00421875 0.0036160714285714286 9
2025-05-21 01:38:41 5613553 0 0.00421875 0.0033750000000000004 9
2025-05-21 01:38:46 5613554 0 0.00421875 0.0035156250000000005 9
2025-05-21 01:51:30 5613560 0 0.00421875 0.0052734375 9
2025-05-21 01:51:47 5613559 0 0.00421875 0.00421875 9
2025-05-21 01:51:48 5613558 0 0.00421875 0.0037968750000000003 9
2025-05-21 01:51:50 5613557 0 0.00421875 0.00375 9
2025-05-21 02:04:09 5613561 0 0.00421875 0.006328125 9
2025-05-21 02:04:25 5613562 0 0.00421875 0.0084375 9
2025-05-21 02:18:18 5613978 0 0.00421875 0.0031640625 10
2025-05-21 02:18:32 5613976 0 0.00421875 0.002109375 10
2025-05-21 02:18:41 5613977 0 0.00421875 0.0028125 10
2025-05-21 02:18:41 5613975 0 0.00421875 0.0 10
2025-05-21 02:31:15 5613980 0 0.00421875 0.0035156250000000005 10
2025-05-21 02:31:16 5613979 0 0.00421875 0.0033750000000000004 10
2025-05-21 02:32:33 5613982 0 0.00421875 0.0036914062500000002 10
2025-05-21 02:32:34 5613981 0 0.00421875 0.0036160714285714286 10
2025-05-21 02:43:48 5613983 0 0.00421875 0.00375 10
2025-05-21 02:43:52 5613984 0 0.00421875 0.0037968750000000003 10
2025-05-21 02:47:34 5613986 0 0.00421875 0.0052734375 10
2025-05-21 02:47:43 5613985 0 0.00421875 0.00421875 10
2025-05-21 02:58:01 5613988 0 0.00421875 0.0084375 10
2025-05-21 02:58:03 5613987 0 0.00421875 0.006328125 10
2025-05-21 03:11:40 5614889 0 0.003796875 0.0 11
2025-05-21 03:11:42 5614890 0 0.003796875 0.0018984375 11
2025-05-21 03:11:48 5614891 0 0.003796875 0.0025312499999999996 11
2025-05-21 03:13:44 5614892 0 0.003796875 0.00284765625 11
2025-05-21 03:24:41 5614895 0 0.003796875 0.0032544642857142854 11
2025-05-21 03:24:48 5614893 0 0.003796875 0.0030375000000000003 11
2025-05-21 03:24:59 5614894 0 0.003796875 0.0031640625 11
2025-05-21 03:27:17 5614896 0 0.003796875 0.003322265625 11
2025-05-21 03:37:43 5614897 0 0.003796875 0.0033749999999999995 11
2025-05-21 03:37:54 5614898 0 0.003796875 0.0034171875 11
2025-05-21 03:40:07 5614900 0 0.003796875 0.0047460937499999994 11
2025-05-21 03:40:19 5614899 0 0.003796875 0.003796875 11
2025-05-21 03:51:52 5614902 0 0.003796875 0.00759375 11
2025-05-21 03:51:54 5614901 0 0.003796875 0.0056953125 11
2025-05-21 04:06:20 5616218 0 0.0034171875 0.002562890625 12
2025-05-21 04:06:38 5616216 0 0.0034171875 0.00170859375 12
2025-05-21 04:06:43 5616217 0 0.0034171875 0.0022781249999999998 12
2025-05-21 04:06:44 5616215 0 0.0034171875 0.0 12
2025-05-21 04:20:10 5616222 0 0.0034171875 0.0029900390625 12
2025-05-21 04:20:14 5616221 0 0.0034171875 0.002929017857142857 12
2025-05-21 04:20:16 5616219 0 0.0034171875 0.00273375 12
2025-05-21 04:20:24 5616220 0 0.0034171875 0.0028476562500000004 12
2025-05-21 04:25:57 5616224 0 0.0034171875 0.00307546875 12
2025-05-21 04:25:59 5616223 0 0.0034171875 0.0030375 12
2025-05-21 04:33:57 5616228 0 0.0034171875 0.006834375 12
2025-05-21 04:33:58 5616225 0 0.0034171875 0.0034171875 12
2025-05-21 04:34:08 5616227 0 0.0034171875 0.00512578125 12
2025-05-21 04:34:12 5616226 0 0.0034171875 0.0042714843750000005 12
2025-05-21 04:48:37 5617108 0 0.00307546875 0.0 13
2025-05-21 04:48:42 5617111 0 0.00307546875 0.0023066015625 13
2025-05-21 04:48:48 5617109 0 0.00307546875 0.001537734375 13
2025-05-21 04:48:48 5617110 0 0.00307546875 0.0020503125 13
2025-05-21 04:53:56 5617112 0 0.00307546875 0.0024603750000000003 13
2025-05-21 04:54:08 5617113 0 0.00307546875 0.002562890625 13
2025-05-21 05:04:06 5617116 0 0.00307546875 0.00269103515625 13
2025-05-21 05:04:07 5617117 0 0.00307546875 0.00273375 13
2025-05-21 05:04:15 5617115 0 0.00307546875 0.0026361160714285714 13
2025-05-21 05:04:16 5617118 0 0.00307546875 0.002767921875 13
2025-05-21 05:08:53 5617120 0 0.00307546875 0.0038443359375000003 13
2025-05-21 05:09:00 5617119 0 0.00307546875 0.00307546875 13
2025-05-21 05:18:50 5617121 0 0.00307546875 0.004613203125 13
2025-05-21 05:18:50 5617122 0 0.00307546875 0.0061509375 13
2025-05-21 05:33:38 5617973 0 0.0024603750000000003 0.0018452812500000001 14
2025-05-21 05:34:09 5617971 0 0.0024603750000000003 0.0012301875000000002 14
2025-05-21 05:34:10 5617972 0 0.0024603750000000003 0.0016402500000000002 14
2025-05-21 05:34:30 5617970 0 0.0024603750000000003 0.0 14
2025-05-21 05:47:09 5617977 0 0.0024603750000000003 0.0021528281250000002 14
2025-05-21 05:47:15 5617976 0 0.0024603750000000003 0.0021088928571428574 14
2025-05-21 05:47:17 5617974 0 0.0024603750000000003 0.0019683000000000005 14
2025-05-21 05:47:20 5617975 0 0.0024603750000000003 0.0020503125000000005 14
2025-05-21 05:59:37 5617981 0 0.0024603750000000003 0.0030754687500000005 14
2025-05-21 05:59:40 5617979 0 0.0024603750000000003 0.0022143375000000004 14
2025-05-21 05:59:41 5617980 0 0.0024603750000000003 0.0024603750000000003 14
2025-05-21 05:59:56 5617978 0 0.0024603750000000003 0.002187 14
2025-05-21 06:14:34 5617983 0 0.0024603750000000003 0.004920750000000001 14
2025-05-21 06:14:39 5617982 0 0.0024603750000000003 0.0036905625000000003 14
2025-05-21 06:28:16 5618845 0 0.0022143375000000004 0.0016607531250000004 15
2025-05-21 06:29:02 5618842 0 0.0022143375000000004 0.0 15
2025-05-21 06:29:10 5618843 0 0.0022143375000000004 0.0011071687500000002 15
2025-05-21 06:29:14 5618844 0 0.0022143375000000004 0.0014762250000000003 15
2025-05-21 06:41:43 5618847 0 0.0022143375000000004 0.0017714700000000005 15
2025-05-21 06:43:09 5618850 0 0.0022143375000000004 0.0019375453125000004 15
2025-05-21 06:43:10 5618848 0 0.0022143375000000004 0.0018452812500000004 15
2025-05-21 06:43:12 5618849 0 0.0022143375000000004 0.0018980035714285717 15
2025-05-21 06:55:30 5618851 0 0.0022143375000000004 0.0019683 15
2025-05-21 06:57:29 5618852 0 0.0022143375000000004 0.0019929037500000003 15
2025-05-21 06:57:54 5618854 0 0.0022143375000000004 0.0027679218750000004 15
2025-05-21 06:58:03 5618853 0 0.0022143375000000004 0.0022143375000000004 15
2025-05-21 07:09:18 5618855 0 0.0022143375000000004 0.003321506250000001 15
2025-05-21 07:11:13 5618856 0 0.0022143375000000004 0.004428675000000001 15
2025-05-21 07:24:50 5619809 0 0.0014762250000000005 0.0009841500000000003 16
2025-05-21 07:24:56 5619808 0 0.0014762250000000005 0.0007381125000000002 16
2025-05-21 07:24:59 5619807 0 0.0014762250000000005 0.0 16
2025-05-21 07:25:11 5619810 0 0.0014762250000000005 0.0011071687500000004 16
2025-05-21 07:37:58 5619813 0 0.0014762250000000005 0.0012653357142857146 16
2025-05-21 07:38:05 5619814 0 0.0014762250000000005 0.0012916968750000004 16
2025-05-21 07:38:15 5619811 0 0.0014762250000000005 0.0011809800000000005 16
2025-05-21 07:38:16 5619812 0 0.0014762250000000005 0.0012301875000000004 16
2025-05-21 07:50:55 5619818 0 0.0014762250000000005 0.0018452812500000006 16
2025-05-21 07:51:12 5619817 0 0.0014762250000000005 0.0014762250000000005 16
2025-05-21 07:51:21 5619816 0 0.0014762250000000005 0.0013286025000000005 16
2025-05-21 07:51:30 5619815 0 0.0014762250000000005 0.0013122000000000003 16
2025-05-21 08:03:43 5619820 0 0.0014762250000000005 0.002952450000000001 16
2025-05-21 08:03:47 5619819 0 0.0014762250000000005 0.002214337500000001 16
2025-05-21 08:16:46 5621041 0 0.0013122000000000003 0.0009841500000000003 17
2025-05-21 08:16:54 5621038 0 0.0013122000000000003 0.0 17
2025-05-21 08:17:12 5621039 0 0.0013122000000000003 0.0006561000000000002 17
2025-05-21 08:17:12 5621040 0 0.0013122000000000003 0.0008748000000000002 17
2025-05-21 08:29:40 5621043 0 0.0013122000000000003 0.0010935000000000003 17
2025-05-21 08:29:45 5621045 0 0.0013122000000000003 0.0011481750000000004 17
2025-05-21 08:29:46 5621042 0 0.0013122000000000003 0.0010497600000000003 17
2025-05-21 08:30:00 5621044 0 0.0013122000000000003 0.0011247428571428573 17
2025-05-21 08:42:27 5621049 0 0.0013122000000000003 0.0016402500000000004 17
2025-05-21 08:42:37 5621048 0 0.0013122000000000003 0.0013122000000000003 17
2025-05-21 08:42:40 5621047 0 0.0013122000000000003 0.0011809800000000003 17
2025-05-21 08:42:42 5621046 0 0.0013122000000000003 0.0011664000000000002 17
2025-05-21 08:49:22 5621051 0 0.0013122000000000003 0.0026244000000000007 17
2025-05-21 08:49:35 5621050 0 0.0013122000000000003 0.0019683000000000005 17
2025-05-21 09:02:56 5621306 0 0.0006561000000000002 0.0004920750000000001 18
2025-05-21 09:03:16 5621305 0 0.0006561000000000002 0.0004374000000000001 18
2025-05-21 09:03:20 5621303 0 0.0006561000000000002 0.0 18
2025-05-21 09:03:29 5621304 0 0.0006561000000000002 0.0003280500000000001 18
2025-05-21 09:16:02 5621309 0 0.0006561000000000002 0.0005623714285714287 18
2025-05-21 09:16:12 5621308 0 0.0006561000000000002 0.0005467500000000001 18
2025-05-21 09:16:16 5621307 0 0.0006561000000000002 0.0005248800000000001 18
2025-05-21 09:16:21 5621310 0 0.0006561000000000002 0.0005740875000000002 18
2025-05-21 09:28:03 5621315 0 0.0006561000000000002 0.0009841500000000003 18
2025-05-21 09:28:15 5621316 0 0.0006561000000000002 0.0013122000000000003 18
2025-05-21 09:28:18 5621311 0 0.0006561000000000002 0.0005832000000000001 18
2025-05-21 09:28:23 5621312 0 0.0006561000000000002 0.0005904900000000002 18
2025-05-21 09:28:24 5621314 0 0.0006561000000000002 0.0008201250000000002 18
2025-05-21 09:28:45 5621313 0 0.0006561000000000002 0.0006561000000000002 18
